Tue Jun 24 16:00:18 2025       
+-----------------------------------------------------------------------------------------+
| NVIDIA-SMI 575.57.08              Driver Version: 575.57.08      CUDA Version: 12.9     |
|-----------------------------------------+------------------------+----------------------+
| GPU  Name                 Persistence-M | Bus-Id          Disp.A | Volatile Uncorr. ECC |
| Fan  Temp   Perf          Pwr:Usage/Cap |           Memory-Usage | GPU-Util  Compute M. |
|                                         |                        |               MIG M. |
|=========================================+========================+======================|
|   0  NVIDIA A100 80GB PCIe          On  |   00000000:CA:00.0 Off |                    0 |
| N/A   60C    P0             57W /  300W |       0MiB /  81920MiB |      0%   E. Process |
|                                         |                        |             Disabled |
+-----------------------------------------+------------------------+----------------------+
                                                                                         
+-----------------------------------------------------------------------------------------+
| Processes:                                                                              |
|  GPU   GI   CI              PID   Type   Process name                        GPU Memory |
|        ID   ID                                                               Usage      |
|=========================================================================================|
|  No running processes found                                                             |
+-----------------------------------------------------------------------------------------+
Actor(
  (seq_encoder): GRU(443, 128, batch_first=True)
  (fc1): Linear(in_features=128, out_features=128, bias=True)
  (mu_layer): Linear(in_features=128, out_features=2, bias=True)
  (log_std_layer): Linear(in_features=128, out_features=2, bias=True)
)
CriticNetwork(
  (seq_encoder): GRU(443, 128, batch_first=True)
  (fc1): Linear(in_features=130, out_features=128, bias=True)
  (q_layer): Linear(in_features=128, out_features=1, bias=True)
)
Detuning range: 1.1305835513898477  to  -5.652917756949239  GHz
Reset...
Did not form soliton ...
Spectral Corr: 0.24251718888842724
episode:  0 score: -1155.22 average score: -1155.22 best score: -1155.22 n_steps: 2413 terminal: True
Detuning range: 1.1305835513898477  to  -5.652917756949239  GHz
Reset...
Did not form soliton ...
Spectral Corr: 0.23922218838360376
episode:  1 score: -2595.29 average score: -1875.26 best score: -1875.26 n_steps: 2000 terminal: True
Detuning range: 1.1305835513898477  to  -5.652917756949239  GHz
Reset...
... saving models ...
episode:  2 score: 11475.04 average score: 2574.84 best score: 2574.84 n_steps: 3900 terminal: False
Detuning range: 1.1305835513898477  to  -5.652917756949239  GHz
Reset...
... saving models ...
episode:  3 score: 14145.23 average score: 5467.44 best score: 5467.44 n_steps: 3900 terminal: False
Detuning range: 1.1305835513898477  to  -5.652917756949239  GHz
Reset...
Did not form soliton ...
Spectral Corr: 0.23929364583502852
episode:  4 score: 2744.54 average score: 4922.86 best score: 4922.86 n_steps: 2093 terminal: True
Detuning range: 1.1305835513898477  to  -5.652917756949239  GHz
Reset...
Did not form soliton ...
Spectral Corr: 0.10640888001780503
episode:  5 score: 7105.40 average score: 5286.62 best score: 5286.62 n_steps: 2000 terminal: True
Detuning range: 1.1305835513898477  to  -5.652917756949239  GHz
Reset...
... saving models ...
episode:  6 score: 19338.18 average score: 7293.98 best score: 7293.98 n_steps: 3900 terminal: False
Detuning range: 1.1305835513898477  to  -5.652917756949239  GHz
Reset...
Did not form soliton ...
Spectral Corr: 0.10640888001780503
episode:  7 score: 1464.14 average score: 6565.25 best score: 6565.25 n_steps: 2000 terminal: True
Detuning range: 1.1305835513898477  to  -5.652917756949239  GHz
Reset...
Did not form soliton ...
Spectral Corr: 0.10640888001780498
episode:  8 score: -46.57 average score: 5830.61 best score: 5830.61 n_steps: 2000 terminal: True
Detuning range: 1.1305835513898477  to  -5.652917756949239  GHz
Reset...
Did not form soliton ...
Spectral Corr: 0.10640888001780505
episode:  9 score: 435.75 average score: 5291.12 best score: 5291.12 n_steps: 2000 terminal: True
Detuning range: 1.1305835513898477  to  -5.652917756949239  GHz
Reset...
Did not form soliton ...
Spectral Corr: 0.24526635863728238
episode:  10 score: 10177.88 average score: 5735.37 best score: 5735.37 n_steps: 2436 terminal: True
Detuning range: 1.1305835513898477  to  -5.652917756949239  GHz
Reset...
... saving models ...
episode:  11 score: 16614.47 average score: 6641.96 best score: 6641.96 n_steps: 3900 terminal: False
Detuning range: 1.1305835513898477  to  -5.652917756949239  GHz
Reset...
